---
source: backup-shard/tests/golden_tests.rs
expression: hex.clone()
---
a2008200a5005820aaaaaaaaaaaaaaaaaaaaaaaaaaaaaaaaaaaaaaaaaaaaaaaaaaaaaaaaaaaaaaaa015820bbbbbbbbbbbbbbbbbbbbbbbbbbbbbbbbbbbbbbbbbbbbbbbbbbbbbbbbbbbbbbbb02450102030405030204f5015820cccccccccccccccccccccccccccccccccccccccccccccccccccccccccccccccc
